
> matchedge@0.1.0 build
> next build

▲ Next.js 16.2.4 (Turbopack)
- Environments: .env.local

  Creating an optimized production build ...
✓ Compiled successfully in 19.9s
  Running TypeScript ...
  Finished TypeScript in 7.0s ...
  Collecting page data using 1 worker ...
  Generating static pages using 1 worker (0/35) ...
  Generating static pages using 1 worker (8/35) 
  Generating static pages using 1 worker (17/35) 
  Generating static pages using 1 worker (26/35) 
✓ Generating static pages using 1 worker (35/35) in 1146ms
  Finalizing page optimization ...

Route (app)
┌ ○ /
├ ○ /_not-found
├ ○ /account
├ ○ /admin
├ ƒ /api/admin/gifted-access
├ ƒ /api/admin/social/generate
├ ƒ /api/admin/social/result
├ ƒ /api/cron
├ ƒ /api/cron/bench-impact
├ ƒ /api/cron/cache
├ ƒ /api/cron/injuries
├ ƒ /api/cron/lineups
├ ƒ /api/cron/live
├ ƒ /api/cron/midnight
├ ƒ /api/cron/projected
├ ƒ /api/cron/rollup
├ ƒ /api/cron/score
├ ƒ /api/cron/settle
├ ƒ /api/matches
├ ƒ /api/matches/[id]
├ ƒ /api/personas
├ ƒ /api/personas/picks
├ ƒ /api/results/fetch
├ ƒ /api/stats
├ ƒ /api/tomorrow
├ ƒ /api/user/plan
├ ○ /dashboard
├ ○ /join
├ ƒ /match/[id]
├ ○ /pricing
├ ○ /privacy
├ ○ /results
├ ○ /terms
├ ○ /tipsters
└ ○ /tomorrow


○  (Static)   prerendered as static content
ƒ  (Dynamic)  server-rendered on demand

